// Jest Snapshot v1, https://goo.gl/fbAQLP

exports[`ScriptLink should render correctly 1`] = `
.c0 {
  font-size: 0.9375rem;
  line-height: 1.25rem;
  font-family: ReithSans,Helvetica,Arial,sans-serif;
  font-weight: 400;
  font-style: normal;
  position: relative;
  display: inline-block;
  color: #FFFFFF;
  -webkit-text-decoration: none;
  text-decoration: none;
  padding: 0 1rem;
  height: 3rem;
}

.c0::before {
  content: '';
  position: absolute;
  top: 0;
  left: 0;
  right: 0;
  bottom: 0;
  border: 0.0625rem solid #FFFFFF;
}

.c0:hover::before,
.c0:focus::before {
  border: 0.25rem solid #FFFFFF;
}

@media (min-width:20rem) and (max-width:37.4375rem) {
  .c0 {
    font-size: 1rem;
    line-height: 1.25rem;
  }
}

@media (min-width:37.5rem) {
  .c0 {
    font-size: 1rem;
    line-height: 1.25rem;
  }
}

@media (max-width:24.9375rem) {
  .c0 {
    line-height: 2.5rem;
    height: 2.5rem;
    padding: 0 0.75rem;
  }
}

@media (min-width:25rem) {
  .c0 {
    line-height: 3rem;
  }

  .c0::after {
    content: '';
    position: absolute;
    top: -0.25rem;
    left: -0.25rem;
    right: 0;
    bottom: 0;
    height: 2.75rem;
    width: 2.75rem;
    margin: 0 0.25rem;
  }
}

@media (min-width:37.5rem) {
  .c0 {
    height: 2.25rem;
    line-height: 2.25rem;
    padding: 0 0.625rem;
  }

  .c0::after {
    content: '';
    position: absolute;
    top: -0.25rem;
    left: -0.25rem;
    right: 0;
    bottom: 0;
    height: 2.75rem;
    width: 2.75rem;
    margin: 0 0.25rem;
  }
}

<a
  class="c0"
  href="https://www.bbc.co.uk/news"
>
  Lat
</a>
`;
