// Jest Snapshot v1, https://goo.gl/fbAQLP

exports[`PromoSeparator should render correctly 1`] = `
.c0 {
  background-color: #F2F2F2;
  margin: 1rem 0 0.5rem;
  height: 1px;
}

@media (min-width:37.5rem) {
  .c0 {
    margin: 1rem 0 1rem;
  }
}

@media (min-width:63rem) {
  .c0 {
    margin: 1.5rem 0 1.5rem;
  }
}

<div
  className="c0"
/>
`;
