// Jest Snapshot v1, https://goo.gl/fbAQLP

exports[`LeadingStoryPromo should render RTL leading story promo correctly 1`] = `
.c4 {
  font-size: 1.0625rem;
  line-height: 1.5rem;
  font-family: ReithSans,Helvetica,Arial,sans-serif;
  font-weight: 400;
  font-style: normal;
  color: #3F3F42;
  margin: 0;
  padding-bottom: 0.5rem;
}

.c3 {
  position: static;
  color: #222222;
  -webkit-text-decoration: none;
  text-decoration: none;
}

.c3:before {
  bottom: 0;
  content: '';
  left: 0;
  overflow: hidden;
  position: absolute;
  right: 0;
  top: 0;
  white-space: nowrap;
  z-index: 1;
}

.c3:hover,
.c3:focus {
  -webkit-text-decoration: underline;
  text-decoration: underline;
}

.c3:visited {
  color: #6E6E73;
}

.c5 {
  display: inline-block;
  width: 66.67%;
}

.c1 {
  display: inline-block;
  vertical-align: top;
  width: 33.33%;
}

.c2 {
  font-size: 1.5rem;
  line-height: 2rem;
  font-family: ReithSerif,Helvetica,Arial,sans-serif;
  font-weight: 500;
  font-style: normal;
  color: #222222;
  margin: 0;
  padding-bottom: 0.5rem;
}

@media (min-width:20rem) and (max-width:37.4375rem) {
  .c4 {
    font-size: 1.125rem;
    line-height: 1.5rem;
  }
}

@media (min-width:37.5rem) {
  .c4 {
    font-size: 1.125rem;
    line-height: 1.5rem;
  }
}

@media (max-width:37.4375rem) {
  .c4 {
    display: none;
    visibility: hidden;
  }
}

@media (min-width:63rem) {
  .c4 {
    display: none;
    visibility: hidden;
  }
}

@supports (grid-template-columns:fit-content(200px)) {
  .c0 {
    display: grid;
    grid-template-columns: repeat(6,1fr);
    grid-column-gap: 1rem;
  }
}

@supports (grid-template-columns:fit-content(200px)) {
  .c5 {
    width: initial;
  }
}

@supports (grid-template-columns:fit-content(200px)) {
  .c1 {
    width: 100%;
  }
}

@media (min-width:20rem) and (max-width:37.4375rem) {
  .c2 {
    font-size: 1.625rem;
    line-height: 2.25rem;
  }
}

@media (min-width:37.5rem) {
  .c2 {
    font-size: 1.75rem;
    line-height: 2.25rem;
  }
}

<div
  class="c0"
>
  <div
    class="c1"
  >
    <h3
      class="c2"
    >
      <a
        class="c3"
        href="https://www.bbc.co.uk/news"
      >
        هذا هو العنوان الخاص بي
      </a>
    </h3>
    <p
      class="c4"
    >
      هذا عنوان فرعي
    </p>
  </div>
  <div
    class="c5"
  >
    <img
      alt="Alt text"
      src="https://foobar.com/image.png"
    />
  </div>
</div>
`;

exports[`LeadingStoryPromo should render default leading story promo correctly 1`] = `
.c4 {
  font-size: 0.9375rem;
  line-height: 1.125rem;
  font-family: ReithSans,Helvetica,Arial,sans-serif;
  font-weight: 400;
  font-style: normal;
  color: #3F3F42;
  margin: 0;
  padding-bottom: 0.5rem;
}

.c3 {
  position: static;
  color: #222222;
  -webkit-text-decoration: none;
  text-decoration: none;
}

.c3:before {
  bottom: 0;
  content: '';
  left: 0;
  overflow: hidden;
  position: absolute;
  right: 0;
  top: 0;
  white-space: nowrap;
  z-index: 1;
}

.c3:hover,
.c3:focus {
  -webkit-text-decoration: underline;
  text-decoration: underline;
}

.c3:visited {
  color: #6E6E73;
}

.c5 {
  display: inline-block;
  width: 66.67%;
}

.c1 {
  display: inline-block;
  vertical-align: top;
  width: 33.33%;
}

.c2 {
  font-size: 1.125rem;
  line-height: 1.375rem;
  font-family: ReithSerif,Helvetica,Arial,sans-serif;
  font-weight: 500;
  font-style: normal;
  color: #222222;
  margin: 0;
  padding-bottom: 0.5rem;
}

@media (min-width:20rem) and (max-width:37.4375rem) {
  .c4 {
    font-size: 0.9375rem;
    line-height: 1.125rem;
  }
}

@media (min-width:37.5rem) {
  .c4 {
    font-size: 0.875rem;
    line-height: 1.125rem;
  }
}

@media (max-width:37.4375rem) {
  .c4 {
    display: none;
    visibility: hidden;
  }
}

@media (min-width:63rem) {
  .c4 {
    display: none;
    visibility: hidden;
  }
}

@supports (grid-template-columns:fit-content(200px)) {
  .c0 {
    display: grid;
    grid-template-columns: repeat(6,1fr);
    grid-column-gap: 1rem;
  }
}

@supports (grid-template-columns:fit-content(200px)) {
  .c5 {
    width: initial;
  }
}

@supports (grid-template-columns:fit-content(200px)) {
  .c1 {
    width: 100%;
  }
}

@media (min-width:20rem) and (max-width:37.4375rem) {
  .c2 {
    font-size: 1.25rem;
    line-height: 1.5rem;
  }
}

@media (min-width:37.5rem) {
  .c2 {
    font-size: 1.5rem;
    line-height: 1.75rem;
  }
}

<div
  class="c0"
>
  <div
    class="c1"
  >
    <h3
      class="c2"
    >
      <a
        class="c3"
        href="https://www.bbc.co.uk/news"
      >
        The headline of the promo
      </a>
    </h3>
    <p
      class="c4"
    >
      The summary of the promo
    </p>
  </div>
  <div
    class="c5"
  >
    <img
      alt="Alt text"
      src="https://foobar.com/image.png"
    />
  </div>
</div>
`;
