// Jest Snapshot v1, https://goo.gl/fbAQLP

exports[`Navigation should render correctly 1`] = `
.c10 {
  -webkit-clip-path: inset(100%);
  clip-path: inset(100%);
  -webkit-clip: rect(1px,1px,1px,1px);
  clip: rect(1px,1px,1px,1px);
  height: 1px;
  overflow: hidden;
  position: absolute;
  width: 1px;
  margin: 0;
}

.c1 {
  position: relative;
  max-width: 80rem;
  margin: 0 auto;
  display: -webkit-box;
  display: -webkit-flex;
  display: -ms-flexbox;
  display: flex;
  -webkit-align-items: center;
  -webkit-box-align: center;
  -ms-flex-align: center;
  align-items: center;
  margin-right: 0;
}

.c2 {
  position: absolute;
  -webkit-clip-path: inset(100%);
  clip-path: inset(100%);
  -webkit-clip: rect(1px,1px,1px,1px);
  clip: rect(1px,1px,1px,1px);
  height: 1px;
  width: 1px;
  overflow: hidden;
  padding: 0.75rem 0.5rem;
  background-color: #ffffff;
  border: 0.1875rem solid #000;
  color: #333;
  -webkit-text-decoration: none;
  text-decoration: none;
  font-size: 0.9375rem;
  line-height: 1.25rem;
  font-family: ReithSans,Helvetica,Arial,sans-serif;
  font-weight: 400;
  font-style: normal;
}

.c2:focus {
  -webkit-clip-path: none;
  clip-path: none;
  -webkit-clip: auto;
  clip: auto;
  height: auto;
  width: auto;
  top: -3rem;
  left: 0.5rem;
}

.c5 {
  list-style-type: none;
  padding: 0;
  margin: 0;
  position: relative;
  overflow: hidden;
  overflow-x: scroll;
  white-space: nowrap;
}

.c5::-webkit-scrollbar {
  display: none;
}

.c13 {
  list-style-type: none;
  padding: 0;
  margin: 0;
  position: relative;
  overflow: hidden;
}

.c7 {
  display: inline-block;
  position: relative;
  z-index: 2;
}

.c14 {
  display: block;
  position: relative;
  z-index: 2;
}

.c4 {
  font-size: 0.9375rem;
  line-height: 1.25rem;
  font-family: ReithSans,Helvetica,Arial,sans-serif;
  font-weight: 400;
  font-style: normal;
  color: #FDFDFD;
  cursor: pointer;
  -webkit-text-decoration: none;
  text-decoration: none;
  display: inline-block;
  padding: 0.75rem 1rem;
  white-space: nowrap;
}

.c4:hover::after {
  content: '';
  position: absolute;
  left: 0;
  right: 0;
  bottom: 0;
  border-bottom: 0.25rem solid #FFFFFF;
}

.c4:focus::after {
  content: '';
  position: absolute;
  left: 0;
  right: 0;
  bottom: 0;
  border-bottom: 0.25rem solid #FFFFFF;
  top: 0;
  border: 0.25rem solid #FFFFFF;
}

.c8 {
  font-size: 0.9375rem;
  line-height: 1.25rem;
  font-family: ReithSans,Helvetica,Arial,sans-serif;
  font-weight: 400;
  font-style: normal;
  color: #FDFDFD;
  cursor: pointer;
  -webkit-text-decoration: none;
  text-decoration: none;
  display: inline-block;
  padding: 0.75rem 1rem;
  white-space: nowrap;
}

.c8:hover::after {
  content: '';
  position: absolute;
  left: 0;
  right: 0;
  bottom: 0;
  border-bottom: 0.25rem solid #FFFFFF;
  border-bottom: 0.3125rem solid #FFFFFF;
}

.c8:focus::after {
  content: '';
  position: absolute;
  left: 0;
  right: 0;
  bottom: 0;
  border-bottom: 0.25rem solid #FFFFFF;
  top: 0;
  border: 0.25rem solid #FFFFFF;
}

.c11 {
  color: #FDFDFD;
  cursor: pointer;
  -webkit-text-decoration: none;
  text-decoration: none;
  display: inline-block;
  padding: 0.75rem 1rem;
  white-space: nowrap;
}

.c11:hover::after {
  content: '';
  position: absolute;
  left: 0;
  right: 0;
  bottom: 0;
  border-bottom: 0.25rem solid #FFFFFF;
}

.c11:focus::after {
  content: '';
  position: absolute;
  left: 0;
  right: 0;
  bottom: 0;
  border-bottom: 0.25rem solid #FFFFFF;
  top: 0;
  border: 0.25rem solid #FFFFFF;
}

.c15 {
  font-size: 0.9375rem;
  line-height: 1.25rem;
  font-family: ReithSans,Helvetica,Arial,sans-serif;
  font-weight: 400;
  font-style: normal;
  color: #B80000;
  cursor: pointer;
  -webkit-text-decoration: none;
  text-decoration: none;
  display: inline-block;
  padding: 0.75rem 1rem;
}

.c15:hover::after {
  content: '';
  position: absolute;
  left: 0;
  right: 0;
  bottom: 0;
  border-bottom: 0.25rem solid #B80000;
  border-bottom: 0.3125rem solid #B80000;
}

.c15:focus::after {
  content: '';
  position: absolute;
  left: 0;
  right: 0;
  bottom: 0;
  border-bottom: 0.25rem solid #B80000;
  top: 0;
  border: 0.25rem solid #FFFFFF;
}

.c17 {
  font-size: 0.9375rem;
  line-height: 1.25rem;
  font-family: ReithSans,Helvetica,Arial,sans-serif;
  font-weight: 400;
  font-style: normal;
  color: #B80000;
  cursor: pointer;
  -webkit-text-decoration: none;
  text-decoration: none;
  display: inline-block;
  padding: 0.75rem 1rem;
}

.c17:hover::after {
  content: '';
  position: absolute;
  left: 0;
  right: 0;
  bottom: 0;
  border-bottom: 0.25rem solid #B80000;
}

.c17:focus::after {
  content: '';
  position: absolute;
  left: 0;
  right: 0;
  bottom: 0;
  border-bottom: 0.25rem solid #B80000;
  top: 0;
  border: 0.25rem solid #FFFFFF;
}

.c9::after {
  content: '';
  position: absolute;
  left: 0;
  right: 0;
  bottom: 0;
  border-bottom: 0.25rem solid #FFFFFF;
}

.c16::after {
  content: '';
  position: absolute;
  left: 0;
  right: 0;
  bottom: 0;
  border-bottom: 0.25rem solid #B80000;
}

.c0 {
  background-color: #B80000;
}

.c0 .c6::after {
  left: 0;
}

.c12 {
  max-width: 80rem;
  overflow: scroll;
  border-bottom: solid #B80000;
  display: none;
  background-color: #FFFFFF;
  margin: 0 auto;
  position: absolute;
  left: 0;
  border-left: solid #B80000;
  border-right: solid #B80000;
  z-index: 10;
  -webkit-box-flex: 1;
  -webkit-flex-grow: 1;
  -ms-flex-positive: 1;
  flex-grow: 1;
  pointer-events: auto;
  max-height: 85vh;
}

.c3 {
  position: relative;
  border-right: #FFFFFF solid;
}

@media (min-width:20rem) and (max-width:37.4375rem) {
  .c2 {
    font-size: 1rem;
    line-height: 1.25rem;
  }
}

@media (min-width:37.5rem) {
  .c2 {
    font-size: 1rem;
    line-height: 1.25rem;
  }
}

@media (min-width:37.5rem) {
  .c2:focus {
    top: -4rem;
  }
}

@media (min-width:80rem) {
  .c2:focus {
    left: 0;
  }
}

@media (min-width:20rem) and (max-width:37.4375rem) {
  .c4 {
    font-size: 1rem;
    line-height: 1.25rem;
  }
}

@media (min-width:37.5rem) {
  .c4 {
    font-size: 1rem;
    line-height: 1.25rem;
  }
}

@media (max-width:24.9375rem) {
  .c4 {
    padding: 0.75rem 0.5rem;
  }
}

@media (min-width:20rem) and (max-width:37.4375rem) {
  .c8 {
    font-size: 1rem;
    line-height: 1.25rem;
  }
}

@media (min-width:37.5rem) {
  .c8 {
    font-size: 1rem;
    line-height: 1.25rem;
  }
}

@media (max-width:24.9375rem) {
  .c8 {
    padding: 0.75rem 0.5rem;
  }
}

@media (max-width:24.9375rem) {
  .c11 {
    padding: 0.75rem 0.5rem;
  }
}

@media (min-width:20rem) and (max-width:37.4375rem) {
  .c15 {
    font-size: 1rem;
    line-height: 1.25rem;
  }
}

@media (min-width:37.5rem) {
  .c15 {
    font-size: 1rem;
    line-height: 1.25rem;
  }
}

@media (max-width:24.9375rem) {
  .c15 {
    padding: 0.75rem 0.5rem;
  }
}

@media (min-width:20rem) and (max-width:37.4375rem) {
  .c17 {
    font-size: 1rem;
    line-height: 1.25rem;
  }
}

@media (min-width:37.5rem) {
  .c17 {
    font-size: 1rem;
    line-height: 1.25rem;
  }
}

@media (max-width:24.9375rem) {
  .c17 {
    padding: 0.75rem 0.5rem;
  }
}

<div>
  <nav
    class="c0"
    dir="ltr"
    role="navigation"
  >
    <div
      class="c1"
    >
      <a
        class="c2"
        href="#content"
      >
        Wụga n’ọdịnaya
      </a>
      <div
        class="c3"
        dir="ltr"
      >
        <button
          style="border: 0px; padding: 0px; background-color: inherit;"
          type="button"
        >
          <a
            class="c4"
          >
            Menu
            <svg
              fill="white"
              focusable="false"
              height="8px"
              style="margin-left: 8px;"
              viewBox="0 0 32 32"
              width="8px"
              xmlns="http://www.w3.org/2000/svg"
            >
              <title>
                down
              </title>
              <path
                d="M16 29L32 3h-7.2L16 18.3 7.2 3H0l16 26z"
              />
            </svg>
          </a>
        </button>
      </div>
      <ul
        class="c5"
        role="list"
      >
        <li
          class="c6 c7"
          role="listitem"
        >
          <a
            class="c8"
            href="/igbo"
          >
            <span
              class="c9"
              role="text"
            >
              <span
                class="c10"
              >
                Current page
                , 
              </span>
              Akụkọ
            </span>
          </a>
        </li>
        <li
          class="c6 c7"
          role="listitem"
        >
          <a
            class="c4"
            href="/igbo/egwuregwu"
          >
            Egwuregwu
          </a>
        </li>
        <li
          class="c6 c7"
          role="listitem"
        >
          <a
            class="c4"
            href="/igbo/media/video"
          >
            Ihe nkiri
          </a>
        </li>
        <li
          class="c6 c7"
          role="listitem"
        >
          <a
            class="c4"
            href="/igbo/popular/read"
          >
            Nke ka ewuewu
          </a>
        </li>
        <a
          class="c11"
        >
          <div
            style="width: 1rem; height: 1px;"
          />
        </a>
      </ul>
      <div
        style="width: 2rem; height: 100%; flex-shrink: 0; z-index: 3; overflow: hidden; position: absolute; right: 0px; top: 0px; pointer-events: none;"
      />
    </div>
  </nav>
  <div
    class="c12"
    dir="ltr"
  >
    <ul
      class="c13"
      role="list"
    >
      <li
        class="c6 c14"
        role="listitem"
      >
        <a
          class="c15"
          href="/igbo"
        >
          <span
            class="c16"
            role="text"
          >
            <span
              class="c10"
            >
              Current page
              , 
            </span>
            Akụkọ
          </span>
        </a>
      </li>
      <li
        class="c6 c14"
        role="listitem"
      >
        <a
          class="c17"
          href="/igbo/egwuregwu"
        >
          Egwuregwu
        </a>
      </li>
      <li
        class="c6 c14"
        role="listitem"
      >
        <a
          class="c17"
          href="/igbo/media/video"
        >
          Ihe nkiri
        </a>
      </li>
      <li
        class="c6 c14"
        role="listitem"
      >
        <a
          class="c17"
          href="/igbo/popular/read"
        >
          Nke ka ewuewu
        </a>
      </li>
    </ul>
  </div>
</div>
`;
