// Jest Snapshot v1, https://goo.gl/fbAQLP

exports[`AmpGeo it should render amp-geo with inlined JSON data 1`] = `
<amp-geo
  layout="nodisplay"
>
  <script
    type="application/json"
  >
    {"ISOCountryGroups":{"eea":["at","ax","be","bg","bl","cy","cz","de","dk","ea","ee","es","fi","fr","gb","gf","gg","gi","gp","gr","hr","hu","ic","ie","im","is","it","je","li","lt","lu","lv","mf","mq","mt","nc","nl","no","pf","pl","pm","pt","re","ro","se","si","sj","sk","tf","va","wf","yt"]}}
  </script>
</amp-geo>
`;
