// Jest Snapshot v1, https://goo.gl/fbAQLP

exports[`Media Player: AMP Entry renders a landscape container with an amp-iframe and nested amp-img 1`] = `
.c0 {
  padding-top: 56.25%;
  position: relative;
  overflow: hidden;
}

<html>
  <head>
    <script
      async="true"
      custom-element="amp-iframe"
      src="https://cdn.ampproject.org/v0/amp-iframe-0.1.js"
    />
  </head>
  <body>
    <div>
      <div
        class="c0"
      >
        <amp-iframe
          allowfullscreen="allowfullscreen"
          frameborder="0"
          layout="fill"
          sandbox="allow-scripts allow-same-origin"
          src="http://foo.bar/iframe/amp"
          title="Media player"
        >
          <amp-img
            attribution=""
            layout="fill"
            placeholder="true"
            src="http://foo.bar/placeholder.png"
          />
        </amp-iframe>
      </div>
    </div>
  </body>
</html>
`;

exports[`Media Player: AMP Entry renders a portrait container with amp-iframe and nested amp-img 1`] = `
<html>
  <head>
    <script
      async="true"
      custom-element="amp-iframe"
      src="https://cdn.ampproject.org/v0/amp-iframe-0.1.js"
    />
  </head>
  <body>
    .c0 {
  padding-top: 177.78%;
  position: relative;
  overflow: hidden;
}

<div>
      <div
        class="c0"
      >
        <amp-iframe
          allowfullscreen="allowfullscreen"
          frameborder="0"
          layout="fill"
          sandbox="allow-scripts allow-same-origin"
          src="http://foo.bar/iframe/amp"
          title="Media player"
        >
          <amp-img
            attribution=""
            layout="fill"
            placeholder="true"
            src="http://foo.bar/placeholder.png"
          />
        </amp-iframe>
      </div>
    </div>
  </body>
</html>
`;

exports[`Media Player: AMP Entry renders the audio skin 1`] = `
<html>
  <head>
    <script
      async="true"
      custom-element="amp-iframe"
      src="https://cdn.ampproject.org/v0/amp-iframe-0.1.js"
    />
  </head>
  <body>
    .c0 {
  height: 165px;
  position: relative;
  overflow: hidden;
}

<div>
      <div
        class="c0"
      >
        <amp-iframe
          allowfullscreen="allowfullscreen"
          frameborder="0"
          layout="fill"
          sandbox="allow-scripts allow-same-origin"
          src="https://www.test.bbc.com/ws/av-embeds/media/bbc_korean_radio/liveradio"
          title="Audio player"
        >
          <amp-img
            attribution=""
            layout="fill"
            placeholder="true"
            src="http://foo.bar/placeholder.png"
          />
        </amp-iframe>
      </div>
    </div>
  </body>
</html>
`;

exports[`Media Player: Canonical Entry renders a landscape container with a placeholder image 1`] = `
.c9 {
  display: block;
  width: 100%;
  visibility: visible;
}

.c7 {
  vertical-align: middle;
  margin: 0 0.25rem;
  color: #222222;
  fill: currentColor;
  width: 0.75rem;
  height: 0.75rem;
}

.c5 {
  -webkit-clip-path: inset(100%);
  clip-path: inset(100%);
  -webkit-clip: rect(1px,1px,1px,1px);
  clip: rect(1px,1px,1px,1px);
  height: 1px;
  overflow: hidden;
  position: absolute;
  width: 1px;
  margin: 0;
}

.c3 {
  background-color: #222222;
  border: none;
  color: #FFFFFF;
  cursor: pointer;
  display: block;
  font-family: ReithSans,Helvetica,Arial,sans-serif;
  font-weight: 700;
  font-style: normal;
  font-size: 0.75rem;
  line-height: 1rem;
  height: 5rem;
  padding: 0;
  -webkit-transition: background-color 300ms;
  transition: background-color 300ms;
  width: 5rem;
}

.c3:hover,
.c3:focus {
  background-color: #B80000;
  -webkit-transition: background-color 300ms;
  transition: background-color 300ms;
}

.c6 > svg {
  color: #FFFFFF;
  fill: currentColor;
  height: 1.5rem;
  margin-top: 0.5rem;
  width: 1.5rem;
}

.c8 {
  display: block;
  margin-top: 0.5rem;
}

.c2 {
  cursor: pointer;
  position: absolute;
  top: 0;
  left: 0;
  width: 100%;
  height: 100%;
}

.c4 {
  position: absolute;
  bottom: 0;
}

.c1:hover .c4,
.c1:focus .c4 {
  background-color: #B80000;
}

.c0 {
  padding-top: 56.25%;
  position: relative;
  overflow: hidden;
}

<div
  class="c0"
>
  <div
    class="c1 c2"
  >
    <button
      class="c3 c4"
    >
      <span
        class="c5"
      >
        Play video, "Dog chases cat.", 2 minutes 30 seconds
      </span>
      <div
        aria-hidden="true"
        class="c6"
      >
        <svg
          class="c7"
          focusable="false"
          height="12px"
          viewBox="0 0 32 32"
          width="12px"
        >
          <polygon
            points="3,32 29,16 3,0"
          />
        </svg>
      </div>
      <time
        aria-hidden="true"
        class="c8"
        datetime="PT2M30S"
      >
        2:30
      </time>
    </button>
    <img
      alt=""
      class="c9"
      src="http://foo.bar/placeholder.png"
    />
  </div>
</div>
`;

exports[`Media Player: Canonical Entry renders a portrait container with a placeholder image 1`] = `
.c9 {
  display: block;
  width: 100%;
  visibility: visible;
}

.c7 {
  vertical-align: middle;
  margin: 0 0.25rem;
  color: #222222;
  fill: currentColor;
  width: 0.75rem;
  height: 0.75rem;
}

.c5 {
  -webkit-clip-path: inset(100%);
  clip-path: inset(100%);
  -webkit-clip: rect(1px,1px,1px,1px);
  clip: rect(1px,1px,1px,1px);
  height: 1px;
  overflow: hidden;
  position: absolute;
  width: 1px;
  margin: 0;
}

.c3 {
  background-color: #222222;
  border: none;
  color: #FFFFFF;
  cursor: pointer;
  display: block;
  font-family: ReithSans,Helvetica,Arial,sans-serif;
  font-weight: 700;
  font-style: normal;
  font-size: 0.75rem;
  line-height: 1rem;
  height: 5rem;
  padding: 0;
  -webkit-transition: background-color 300ms;
  transition: background-color 300ms;
  width: 5rem;
}

.c3:hover,
.c3:focus {
  background-color: #B80000;
  -webkit-transition: background-color 300ms;
  transition: background-color 300ms;
}

.c6 > svg {
  color: #FFFFFF;
  fill: currentColor;
  height: 1.5rem;
  margin-top: 0.5rem;
  width: 1.5rem;
}

.c8 {
  display: block;
  margin-top: 0.5rem;
}

.c2 {
  cursor: pointer;
  position: absolute;
  top: 0;
  left: 0;
  width: 100%;
  height: 100%;
}

.c4 {
  position: absolute;
  bottom: 0;
}

.c1:hover .c4,
.c1:focus .c4 {
  background-color: #B80000;
}

.c0 {
  padding-top: 177.78%;
  position: relative;
  overflow: hidden;
}

<div
  class="c0"
>
  <div
    class="c1 c2"
  >
    <button
      class="c3 c4"
    >
      <span
        class="c5"
      >
        Play video, "Dog chases cat.", 2 minutes 30 seconds
      </span>
      <div
        aria-hidden="true"
        class="c6"
      >
        <svg
          class="c7"
          focusable="false"
          height="12px"
          viewBox="0 0 32 32"
          width="12px"
        >
          <polygon
            points="3,32 29,16 3,0"
          />
        </svg>
      </div>
      <time
        aria-hidden="true"
        class="c8"
        datetime="PT2M30S"
      >
        2:30
      </time>
    </button>
    <img
      alt=""
      class="c9"
      src="http://foo.bar/placeholder.png"
    />
  </div>
</div>
`;

exports[`Media Player: Canonical Entry renders an iframe when showPlaceholder is false 1`] = `
.c1 {
  position: absolute;
  top: 0;
  left: 0;
  width: 100%;
  height: 100%;
  border: 0;
  overflow: hidden;
}

.c0 {
  padding-top: 56.25%;
  position: relative;
  overflow: hidden;
}

<div
  class="c0"
>
  <iframe
    allow="autoplay; fullscreen"
    allowfullscreen=""
    class="c1"
    src="http://foo.bar/iframe"
    title="Media player"
  />
</div>
`;

exports[`Media Player: Canonical Entry renders the audio skin 1`] = `
.c1 {
  position: absolute;
  top: 0;
  left: 0;
  width: 100%;
  height: 100%;
  border: 0;
  overflow: hidden;
}

.c0 {
  height: 165px;
  position: relative;
  overflow: hidden;
}

<div
  class="c0"
>
  <iframe
    allow="autoplay; fullscreen"
    allowfullscreen=""
    class="c1"
    src="https://www.test.bbc.com/ws/av-embeds/media/bbc_korean_radio/liveradio"
    title="Audio player"
  />
</div>
`;
