// Jest Snapshot v1, https://goo.gl/fbAQLP

exports[`Media Player: Amp should render an amp-iframe with an amp-img nested inside 1`] = `
<html>
  <head>
    <script
      async="true"
      custom-element="amp-iframe"
      src="https://cdn.ampproject.org/v0/amp-iframe-0.1.js"
    />
  </head>
  <body>
    <div>
      <amp-iframe
        allowfullscreen="allowfullscreen"
        frameborder="0"
        layout="fill"
        sandbox="allow-scripts allow-same-origin"
        scrolling="no"
        src="https://foo.bar/iframe"
        title="Media player"
      >
        <amp-img
          alt=""
          attribution=""
          height="9"
          layout="fill"
          placeholder="true"
          src="https://foo.bar/placeholder.png"
          srcset="https://bbc.com/300/cat.jpg 300w, https://bbc.com/450/cat.jpg 450w, https://bbc.com/600/cat.jpg 600w"
          width="16"
        />
      </amp-iframe>
    </div>
  </body>
</html>
`;
