// Jest Snapshot v1, https://goo.gl/fbAQLP

exports[`Copyright should render correctly 1`] = `
.c0 {
  font-size: 0.75rem;
  line-height: 1rem;
  background-color: rgba(34,34,34,0.75);
  text-transform: uppercase;
  color: #FFFFFF;
  padding: 0.25rem 0.5rem;
  font-family: ReithSans,Helvetica,Arial,sans-serif;
  position: absolute;
  bottom: 0;
  right: 0;
  margin: 0;
}

<p
  className="c0"
  role="text"
>
  Getty Images
</p>
`;
