// Jest Snapshot v1, https://goo.gl/fbAQLP

exports[`RadioSchedule should render correctly 1`] = `
<div>
  Radio Schedule Package
</div>
`;
