// Jest Snapshot v1, https://goo.gl/fbAQLP

exports[`Headline component should render correctly 1`] = `
.c0 {
  color: #3F3F42;
  font-family: ReithSerif,Helvetica,Arial,sans-serif;
  margin: 0;
  padding: 2rem 0 1rem 0;
  font-weight: 500;
  font-size: 1.75rem;
  line-height: 2rem;
}

@media (min-width:20rem) and (max-width:37.4375rem) {
  .c0 {
    font-size: 2rem;
    line-height: 2.25rem;
  }
}

@media (min-width:37.5rem) {
  .c0 {
    font-size: 2.75rem;
    line-height: 3rem;
  }
}

<h1
  className="c0"
>
  This is my headline.
</h1>
`;

exports[`SubHeading component attribute id should render without double quotes 1`] = `
.c0 {
  color: #3F3F42;
  font-family: ReithSans,Helvetica,Arial,sans-serif;
  margin: 0;
  padding: 1rem 0;
  font-weight: 700;
  font-size: 1.25rem;
  line-height: 1.5rem;
}

@media (min-width:20rem) and (max-width:37.4375rem) {
  .c0 {
    font-size: 1.5rem;
    line-height: 1.75rem;
  }
}

@media (min-width:37.5rem) {
  .c0 {
    font-size: 2rem;
    line-height: 2.25rem;
  }
}

<h2
  className="c0"
  id="This-is-a-SubHeading"
  tabIndex="-1"
>
  This is a SubHeading
</h2>
`;

exports[`SubHeading component attribute id should render without exclamation marks 1`] = `
.c0 {
  color: #3F3F42;
  font-family: ReithSans,Helvetica,Arial,sans-serif;
  margin: 0;
  padding: 1rem 0;
  font-weight: 700;
  font-size: 1.25rem;
  line-height: 1.5rem;
}

@media (min-width:20rem) and (max-width:37.4375rem) {
  .c0 {
    font-size: 1.5rem;
    line-height: 1.75rem;
  }
}

@media (min-width:37.5rem) {
  .c0 {
    font-size: 2rem;
    line-height: 2.25rem;
  }
}

<h2
  className="c0"
  id="This-is-a-SubHeading"
  tabIndex="-1"
>
  This is a SubHeading
</h2>
`;

exports[`SubHeading component attribute id should render without quotes 1`] = `
.c0 {
  color: #3F3F42;
  font-family: ReithSans,Helvetica,Arial,sans-serif;
  margin: 0;
  padding: 1rem 0;
  font-weight: 700;
  font-size: 1.25rem;
  line-height: 1.5rem;
}

@media (min-width:20rem) and (max-width:37.4375rem) {
  .c0 {
    font-size: 1.5rem;
    line-height: 1.75rem;
  }
}

@media (min-width:37.5rem) {
  .c0 {
    font-size: 2rem;
    line-height: 2.25rem;
  }
}

<h2
  className="c0"
  id="This-is-a-SubHeading"
  tabIndex="-1"
>
  This is a SubHeading
</h2>
`;

exports[`SubHeading component should render correctly 1`] = `
.c0 {
  color: #3F3F42;
  font-family: ReithSans,Helvetica,Arial,sans-serif;
  margin: 0;
  padding: 1rem 0;
  font-weight: 700;
  font-size: 1.25rem;
  line-height: 1.5rem;
}

@media (min-width:20rem) and (max-width:37.4375rem) {
  .c0 {
    font-size: 1.5rem;
    line-height: 1.75rem;
  }
}

@media (min-width:37.5rem) {
  .c0 {
    font-size: 2rem;
    line-height: 2.25rem;
  }
}

<h2
  className="c0"
  id="This-is-a-SubHeading"
  tabIndex="-1"
>
  This is a SubHeading
</h2>
`;
