// Jest Snapshot v1, https://goo.gl/fbAQLP

exports[`Include should render correctly 1`] = `
<div>
  <div>
    hello
  </div>
</div>
`;
